
> live@0.1.0 build
> next build

Ôû▓ Next.js 16.1.6 (Turbopack)

  Creating an optimized production build ...
node.exe : 
At line:1 char:1
+ & "C:\Program 
Files\nodejs/node.exe" 
"C:\Program 
Files\nodejs/node_mo ...
+ ~~~~~~~~~~~~~~~~~~~~~~~~~~
~~~~~~~~~~~~~~~~~~~~~~~~~~~~
~~~~~~~~~~~~~~~
    + CategoryInfo          
    : NotSpecified: (:Stri  
  ng) [], RemoteException
    + FullyQualifiedErrorId 
    : NativeCommandError
 
> Build error occurred
Error: Turbopack build 
failed with 1 errors:
./components/meeting/Meeting
Room.tsx:5:1
Module not found: Can't 
resolve 
'@livekit/components-styles'
[0m [90m 3 |[39m 
[36mimport[39m { 
useEffect[33m,[39m 
useState } [36mfrom[39m 
[32m'react'[39m[33m;[39m
 [90m 4 |[39m 
[36mimport[39m { [33mLive
KitRoom[39m[33m,[39m 
[33mRoomAudioRenderer[39m 
} [36mfrom[39m [32m'@live
kit/components-react'[39m[
33m;[39m
[31m[1m>[22m[39m[90m 5 
|[39m [36mimport[39m [32
m'@livekit/components-styles
'[39m[33m;[39m
 [90m   |[39m [31m[1m^[
22m[39m[31m[1m^[22m[39m
[31m[1m^[22m[39m[31m[1
m^[22m[39m[31m[1m^[22m
[39m[31m[1m^[22m[39m[31
m[1m^[22m[39m[31m[1m^[
22m[39m[31m[1m^[22m[39m
[31m[1m^[22m[39m[31m[1
m^[22m[39m[31m[1m^[22m
[39m[31m[1m^[22m[39m[31
m[1m^[22m[39m[31m[1m^[
22m[39m[31m[1m^[22m[39m
[31m[1m^[22m[39m[31m[1
m^[22m[39m[31m[1m^[22m
[39m[31m[1m^[22m[39m[31
m[1m^[22m[39m[31m[1m^[
22m[39m[31m[1m^[22m[39m
[31m[1m^[22m[39m[31m[1
m^[22m[39m[31m[1m^[22m
[39m[31m[1m^[22m[39m[31
m[1m^[22m[39m[31m[1m^[
22m[39m[31m[1m^[22m[39m
[31m[1m^[22m[39m[31m[1
m^[22m[39m[31m[1m^[22m
[39m[31m[1m^[22m[39m[31
m[1m^[22m[39m[31m[1m^[
22m[39m
 [90m 6 |[39m 
[36mimport[39m { 
useRouter } [36mfrom[39m 
[32m'next/navigation'[39m[
33m;[39m
 [90m 7 |[39m 
[36mimport[39m { 
useAuthStore } 
[36mfrom[39m [32m'@/store
/useAuthStore'[39m[33m;[3
9m
 [90m 8 |[39m 
[36mimport[39m { 
useRoomStore } 
[36mfrom[39m [32m'@/store
/useRoomStore'[39m[33m;[3
9m[0m



Import trace:
  Server Component:
    ./components/meeting/Mee
tingRoom.tsx
    
./app/room/[roomId]/page.tsx

https://nextjs.org/docs/mess
ages/module-not-found


    at <unknown> (./componen
ts/meeting/MeetingRoom.tsx:5
:1)
    at <unknown> (https://ne
xtjs.org/docs/messages/modul
e-not-found)
